ARM Linker, 5.03 [Build 24] [MDK-ARM Standard]

==============================================================================

Section Cross References

    startup_stm32f10x_hd.o(RESET) refers to startup_stm32f10x_hd.o(STACK) for __initial_sp
    startup_stm32f10x_hd.o(RESET) refers to startup_stm32f10x_hd.o(.text) for Reset_Handler
    startup_stm32f10x_hd.o(RESET) refers to stm32f10x_it.o(.text) for NMI_Handler
    startup_stm32f10x_hd.o(RESET) refers to usart3.o(.text) for DMA1_Channel2_IRQHandler
    startup_stm32f10x_hd.o(RESET) refers to usart1.o(.text) for DMA1_Channel4_IRQHandler
    startup_stm32f10x_hd.o(RESET) refers to usart2.o(.text) for DMA1_Channel6_IRQHandler
    startup_stm32f10x_hd.o(RESET) refers to timer.o(.text) for TIM3_IRQHandler
    startup_stm32f10x_hd.o(RESET) refers to uart4.o(.text) for UART4_IRQHandler
    startup_stm32f10x_hd.o(.text) refers to system_stm32f10x.o(.text) for SystemInit
    startup_stm32f10x_hd.o(.text) refers to entry.o(.ARM.Collect$$$$00000000) for __main
    main.o(.text) refers to strlen.o(.text) for strlen
    main.o(.text) refers to strstr.o(.text) for strstr
    main.o(.text) refers to strchr.o(.text) for strchr
    main.o(.text) refers to memmovea.o(.text) for __aeabi_memcpy
    main.o(.text) refers to resolve.o(.text) for pathresolve
    main.o(.text) refers to misc.o(.text) for NVIC_SetVectorTable
    main.o(.text) refers to memseta.o(.text) for __aeabi_memclr4
    main.o(.text) refers to uart4.o(.data) for sUart4_entity
    main.o(.text) refers to variables.o(.bss) for package
    main.o(.text) refers to variables.o(.data) for pathok
    main.o(.text) refers to main.o(.constdata) for .constdata
    main.o(.text) refers to usart1.o(.text) for USART1_Config
    main.o(.text) refers to usart2.o(.text) for USART2_Config
    main.o(.text) refers to usart3.o(.text) for USART3_Config
    main.o(.text) refers to uart4.o(.text) for UART4_Config
    main.o(.text) refers to eceg_usart.o(.text) for Usart_DMA_Config
    main.o(.text) refers to led.o(.text) for LED_GPIO_Config
    main.o(.text) refers to timer.o(.text) for PWM_Initch1
    main.o(.text) refers to adc.o(.text) for Adc_Init
    main.o(.text) refers to printfa.o(i.__0sprintf) for __2sprintf
    main.o(.text) refers to d2f.o(.text) for __aeabi_d2f
    main.o(.text) refers to f2d.o(.text) for __aeabi_f2d
    main.o(.text) refers to polygon.o(.text) for changeformat
    main.o(.text) refers to usart2.o(.data) for sUsart2_entity
    main.o(.text) refers to usart3.o(.data) for sUsart3_entity
    main.o(.text) refers to main.o(.data) for heartbeat
    main.o(.text) refers to protocol.o(.text) for SendData_thisprotocol
    stm32f10x_it.o(.text) refers to uart4.o(.text) for Uart4_Send
    stm32f10x_it.o(.text) refers to stm32f10x_it.o(.data) for heartbeat2
    stm32f10x_it.o(.text) refers to variables.o(.data) for pathok
    stm32f10x_it.o(.text) refers to variables.o(.bss) for package
    stm32f10x_it.o(.text) refers to protocol.o(.bss) for u8SendBuffer
    usart1.o(.text) refers to ringbuf.o(.text) for RingBufWriteOne
    usart1.o(.text) refers to stm32f10x_usart.o(.text) for USART_DMACmd
    usart1.o(.text) refers to stm32f10x_rcc.o(.text) for RCC_APB2PeriphClockCmd
    usart1.o(.text) refers to stm32f10x_gpio.o(.text) for GPIO_Init
    usart1.o(.text) refers to usart1.o(.data) for u8Usart1_Halffull
    usart1.o(.text) refers to usart1.o(.bss) for u8Usart1_User_RX_Buffer
    usart1.o(.data) refers to usart1.o(.bss) for u8Usart1_RX_Buffer
    led.o(.text) refers to stm32f10x_rcc.o(.text) for RCC_APB2PeriphClockCmd
    led.o(.text) refers to stm32f10x_gpio.o(.text) for GPIO_Init
    polygon.o(.text) refers to cdcmple.o(.text) for __aeabi_cdcmpeq
    polygon.o(.text) refers to dfixi.o(.text) for __aeabi_d2iz
    polygon.o(.text) refers to dflti.o(.text) for __aeabi_i2d
    polygon.o(.text) refers to dadd.o(.text) for __aeabi_drsub
    polygon.o(.text) refers to ddiv.o(.text) for __aeabi_ddiv
    polygon.o(.text) refers to atan.o(i.atan) for atan
    polygon.o(.text) refers to dmul.o(.text) for __aeabi_dmul
    polygon.o(.text) refers to sin.o(i.sin) for sin
    polygon.o(.text) refers to sqrt.o(i.sqrt) for sqrt
    polygon.o(.text) refers to tan.o(i.tan) for tan
    polygon.o(.text) refers to cos.o(i.cos) for cos
    polygon.o(.text) refers to polygon.o(.data) for longitudea
    polygon.o(.text) refers to variables.o(.data) for ptuoqiu
    polygon.o(.text) refers to cdrcmple.o(.text) for __aeabi_cdrcmple
    resolve.o(.text) refers to dfltui.o(.text) for __aeabi_ui2d
    resolve.o(.text) refers to dadd.o(.text) for __aeabi_dadd
    resolve.o(.text) refers to dmul.o(.text) for __aeabi_dmul
    resolve.o(.text) refers to ddiv.o(.text) for __aeabi_ddiv
    resolve.o(.text) refers to cdrcmple.o(.text) for __aeabi_cdrcmple
    resolve.o(.text) refers to cdcmple.o(.text) for __aeabi_cdcmple
    resolve.o(.text) refers to usart2.o(.text) for Usart2_Send
    resolve.o(.text) refers to resolve.o(.data) for headcount
[...]
    sin_i.o(.constdata) refers (Special) to iusefp.o(.text) for __I$use$fp
    sin_i_x.o(i.____kernel_sin$lsc) refers (Special) to iusefp.o(.text) for __I$use$fp
    sin_i_x.o(i.____kernel_sin$lsc) refers to dmul.o(.text) for __aeabi_dmul
    sin_i_x.o(i.____kernel_sin$lsc) refers to poly.o(i.__kernel_poly) for __kernel_poly
    sin_i_x.o(i.____kernel_sin$lsc) refers to dscalb.o(.text) for __ARM_scalbn
    sin_i_x.o(i.____kernel_sin$lsc) refers to dadd.o(.text) for __aeabi_dsub
    sin_i_x.o(i.____kernel_sin$lsc) refers to sin_i_x.o(.constdata) for .constdata
    sin_i_x.o(.constdata) refers (Special) to iusefp.o(.text) for __I$use$fp
    tan_i.o(i.__kernel_tan) refers (Special) to iusefp.o(.text) for __I$use$fp
    tan_i.o(i.__kernel_tan) refers to dfixi.o(.text) for __aeabi_d2iz
    tan_i.o(i.__kernel_tan) refers to dadd.o(.text) for __aeabi_drsub
    tan_i.o(i.__kernel_tan) refers to dmul.o(.text) for __aeabi_dmul
    tan_i.o(i.__kernel_tan) refers to poly.o(i.__kernel_poly) for __kernel_poly
    tan_i.o(i.__kernel_tan) refers to dflti.o(.text) for __aeabi_i2d
    tan_i.o(i.__kernel_tan) refers to ddiv.o(.text) for __aeabi_ddiv
    tan_i.o(i.__kernel_tan) refers to dscalb.o(.text) for __ARM_scalbn
    tan_i.o(i.__kernel_tan) refers to fpclassify.o(i.__ARM_fpclassify) for __ARM_fpclassify
    tan_i.o(i.__kernel_tan) refers to dunder.o(i.__mathlib_dbl_underflow) for __mathlib_dbl_underflow
    tan_i.o(i.__kernel_tan) refers to tan_i.o(.constdata) for .constdata
    tan_i.o(.constdata) refers (Special) to iusefp.o(.text) for __I$use$fp
    tan_i_x.o(i.____kernel_tan$lsc) refers (Special) to iusefp.o(.text) for __I$use$fp
    tan_i_x.o(i.____kernel_tan$lsc) refers to dfixi.o(.text) for __aeabi_d2iz
    tan_i_x.o(i.____kernel_tan$lsc) refers to dadd.o(.text) for __aeabi_drsub
    tan_i_x.o(i.____kernel_tan$lsc) refers to dmul.o(.text) for __aeabi_dmul
    tan_i_x.o(i.____kernel_tan$lsc) refers to poly.o(i.__kernel_poly) for __kernel_poly
    tan_i_x.o(i.____kernel_tan$lsc) refers to dflti.o(.text) for __aeabi_i2d
    tan_i_x.o(i.____kernel_tan$lsc) refers to ddiv.o(.text) for __aeabi_ddiv
    tan_i_x.o(i.____kernel_tan$lsc) refers to dscalb.o(.text) for __ARM_scalbn
    tan_i_x.o(i.____kernel_tan$lsc) refers to tan_i_x.o(.constdata) for .constdata
    tan_i_x.o(.constdata) refers (Special) to iusefp.o(.text) for __I$use$fp
    entry2.o(.ARM.Collect$$$$00000001) refers to entry2.o(.ARM.Collect$$$$00002712) for __lit__00000000
    entry2.o(.ARM.Collect$$$$00002712) refers to startup_stm32f10x_hd.o(STACK) for __initial_sp
    entry2.o(__vectab_stack_and_reset_area) refers to startup_stm32f10x_hd.o(STACK) for __initial_sp
    entry2.o(__vectab_stack_and_reset_area) refers to entry.o(.ARM.Collect$$$$00000000) for __main
    entry5.o(.ARM.Collect$$$$00000004) refers to init.o(.text) for __scatterload
    entry9a.o(.ARM.Collect$$$$0000000B) refers to main.o(.text) for main
    entry9b.o(.ARM.Collect$$$$0000000C) refers to main.o(.text) for main
    uldiv.o(.text) refers to llushr.o(.text) for __aeabi_llsr
    uldiv.o(.text) refers to llshl.o(.text) for __aeabi_llsl
    errno.o(i.__aeabi_errno_addr) refers to errno.o(.data) for .data
    errno.o(i.__read_errno) refers to errno.o(.data) for .data
    errno.o(i.__set_errno) refers to errno.o(.data) for .data
    depilogue.o(.text) refers to llshl.o(.text) for __aeabi_llsl
    depilogue.o(.text) refers to llushr.o(.text) for __aeabi_llsr
    dsqrt.o(.text) refers to llushr.o(.text) for __aeabi_llsr
    dsqrt.o(.text) refers to depilogue.o(.text) for _double_round
    dfixul.o(.text) refers to llushr.o(.text) for __aeabi_llsr
    dfixul.o(.text) refers to llshl.o(.text) for __aeabi_llsl
    init.o(.text) refers to entry5.o(.ARM.Collect$$$$00000004) for __main_after_scatterload


==============================================================================

Removing Unused input sections from the image.

    Removing startup_stm32f10x_hd.o(HEAP), (512 bytes).
    Removing polygon.o(.bss), (170 bytes).
    Removing stm32f10x_tim.o(.text), (3610 bytes).
    Removing core_cm3.o(.emb_text), (32 bytes).

4 unused section(s) (total 4324 bytes) removed from the image.

==============================================================================

Image Symbol Table

    Local Symbols

    Symbol Name                              Value     Ov Type        Size  Object(Section)

    ../clib/../cmprslib/zerorunl2.c          0x00000000   Number         0  __dczerorl2.o ABSOLUTE
    ../clib/microlib/division.c              0x00000000   Number         0  uidiv.o ABSOLUTE
    ../clib/microlib/division.c              0x00000000   Number         0  uldiv.o ABSOLUTE
    ../clib/microlib/errno.c                 0x00000000   Number         0  errno.o ABSOLUTE
    ../clib/microlib/init/entry.s            0x00000000   Number         0  entry8a.o ABSOLUTE
    ../clib/microlib/init/entry.s            0x00000000   Number         0  entry8b.o ABSOLUTE
    ../clib/microlib/init/entry.s            0x00000000   Number         0  entry10b.o ABSOLUTE
    ../clib/microlib/init/entry.s            0x00000000   Number         0  entry11a.o ABSOLUTE
    ../clib/microlib/init/entry.s            0x00000000   Number         0  entry.o ABSOLUTE
    ../clib/microlib/init/entry.s            0x00000000   Number         0  entry11b.o ABSOLUTE
    ../clib/microlib/init/entry.s            0x00000000   Number         0  entry2.o ABSOLUTE
    ../clib/microlib/init/entry.s            0x00000000   Number         0  entry7b.o ABSOLUTE
    ../clib/microlib/init/entry.s            0x00000000   Number         0  entry7a.o ABSOLUTE
    ../clib/microlib/init/entry.s            0x00000000   Number         0  entry5.o ABSOLUTE
    ../clib/microlib/init/entry.s            0x00000000   Number         0  entry10a.o ABSOLUTE
    ../clib/microlib/init/entry.s            0x00000000   Number         0  entry9b.o ABSOLUTE
    ../clib/microlib/init/entry.s            0x00000000   Number         0  entry9a.o ABSOLUTE
    ../clib/microlib/longlong.c              0x00000000   Number         0  llshl.o ABSOLUTE
    ../clib/microlib/longlong.c              0x00000000   Number         0  llsshr.o ABSOLUTE
    ../clib/microlib/longlong.c              0x00000000   Number         0  llushr.o ABSOLUTE
    ../clib/microlib/printf/printf.c         0x00000000   Number         0  printf6.o ABSOLUTE
    ../clib/microlib/printf/printf.c         0x00000000   Number         0  printf8.o ABSOLUTE
    ../clib/microlib/printf/printf.c         0x00000000   Number         0  printfa.o ABSOLUTE
    ../clib/microlib/printf/printf.c         0x00000000   Number         0  printf1.o ABSOLUTE
    ../clib/microlib/printf/printf.c         0x00000000   Number         0  printf7.o ABSOLUTE
    ../clib/microlib/printf/printf.c         0x00000000   Number         0  printf2.o ABSOLUTE
    ../clib/microlib/printf/printf.c         0x00000000   Number         0  printf5.o ABSOLUTE
    ../clib/microlib/printf/printf.c         0x00000000   Number         0  printfb.o ABSOLUTE
    ../clib/microlib/printf/printf.c         0x00000000   Number         0  printf0.o ABSOLUTE
    ../clib/microlib/printf/printf.c         0x00000000   Number         0  printf3.o ABSOLUTE
    ../clib/microlib/printf/printf.c         0x00000000   Number         0  printf4.o ABSOLUTE
    ../clib/microlib/printf/stubs.s          0x00000000   Number         0  stubs.o ABSOLUTE
    ../clib/microlib/stdio/streams.c         0x00000000   Number         0  stdout.o ABSOLUTE
    ../clib/microlib/string/memcmp.c         0x00000000   Number         0  memcmp.o ABSOLUTE
    ../clib/microlib/string/memcpy.c         0x00000000   Number         0  memmoveb.o ABSOLUTE
    ../clib/microlib/string/memcpy.c         0x00000000   Number         0  memcpyb.o ABSOLUTE
    ../clib/microlib/string/memcpy.c         0x00000000   Number         0  memcpya.o ABSOLUTE
    ../clib/microlib/string/memcpy.c         0x00000000   Number         0  memmovea.o ABSOLUTE
    ../clib/microlib/string/memset.c         0x00000000   Number         0  memseta.o ABSOLUTE
    ../clib/microlib/string/strchr.c         0x00000000   Number         0  strchr.o ABSOLUTE
    ../clib/microlib/string/strlen.c         0x00000000   Number         0  strlen.o ABSOLUTE
    ../clib/microlib/string/strstr.c         0x00000000   Number         0  strstr.o ABSOLUTE
    ../clib/microlib/stubs.s                 0x00000000   Number         0  iusefp.o ABSOLUTE
    ../fplib/microlib/d2f.c                  0x00000000   Number         0  d2f.o ABSOLUTE
    ../fplib/microlib/f2d.c                  0x00000000   Number         0  f2d.o ABSOLUTE
    ../fplib/microlib/fpadd.c                0x00000000   Number         0  dadd.o ABSOLUTE
    ../fplib/microlib/fpdiv.c                0x00000000   Number         0  ddiv.o ABSOLUTE
    ../fplib/microlib/fpepilogue.c           0x00000000   Number         0  fepilogue.o ABSOLUTE
    ../fplib/microlib/fpepilogue.c           0x00000000   Number         0  depilogue.o ABSOLUTE
    ../fplib/microlib/fpfix.c                0x00000000   Number         0  dfixi.o ABSOLUTE
    ../fplib/microlib/fpfix.c                0x00000000   Number         0  dfixul.o ABSOLUTE
    ../fplib/microlib/fpflt.c                0x00000000   Number         0  dfltl.o ABSOLUTE
    ../fplib/microlib/fpflt.c                0x00000000   Number         0  ffltui.o ABSOLUTE
    ../fplib/microlib/fpflt.c                0x00000000   Number         0  dflti.o ABSOLUTE
    ../fplib/microlib/fpflt.c                0x00000000   Number         0  dfltui.o ABSOLUTE
    ../fplib/microlib/fpmul.c                0x00000000   Number         0  dmul.o ABSOLUTE
    ../fplib/microlib/fpscalb.c              0x00000000   Number         0  dscalb.o ABSOLUTE
    ../fplib/microlib/fpsqrt.c               0x00000000   Number         0  dsqrt.o ABSOLUTE
    ../mathlib/atan.c                        0x00000000   Number         0  atan.o ABSOLUTE
    ../mathlib/atan.c                        0x00000000   Number         0  atan_x.o ABSOLUTE
    ../mathlib/cos.c                         0x00000000   Number         0  cos.o ABSOLUTE
    ../mathlib/cos.c                         0x00000000   Number         0  cos_x.o ABSOLUTE
    ../mathlib/cos_i.c                       0x00000000   Number         0  cos_i.o ABSOLUTE
    ../mathlib/dunder.c                      0x00000000   Number         0  dunder.o ABSOLUTE
    ../mathlib/fpclassify.c                  0x00000000   Number         0  fpclassify.o ABSOLUTE
    ../mathlib/poly.c                        0x00000000   Number         0  poly.o ABSOLUTE
    ../mathlib/rred.c                        0x00000000   Number         0  rred.o ABSOLUTE
    ../mathlib/sin.c                         0x00000000   Number         0  sin_x.o ABSOLUTE
    ../mathlib/sin.c                         0x00000000   Number         0  sin.o ABSOLUTE
    ../mathlib/sin_i.c                       0x00000000   Number         0  sin_i_x.o ABSOLUTE
    ../mathlib/sin_i.c                       0x00000000   Number         0  sin_i.o ABSOLUTE
    ../mathlib/sqrt.c                        0x00000000   Number         0  sqrt.o ABSOLUTE
    ../mathlib/sqrt.c                        0x00000000   Number         0  sqrt_x.o ABSOLUTE
    ../mathlib/tan.c                         0x00000000   Number         0  tan_x.o ABSOLUTE
    ../mathlib/tan.c                         0x00000000   Number         0  tan.o ABSOLUTE
    ../mathlib/tan_i.c                       0x00000000   Number         0  tan_i.o ABSOLUTE
    ../mathlib/tan_i.c                       0x00000000   Number         0  tan_i_x.o ABSOLUTE
    ..\CMSIS\core_cm3.c                      0x00000000   Number         0  core_cm3.o ABSOLUTE
    ..\CMSIS\startup\startup_stm32f10x_hd.s  0x00000000   Number         0  startup_stm32f10x_hd.o ABSOLUTE
    ..\CMSIS\system_stm32f10x.c              0x00000000   Number         0  system_stm32f10x.o ABSOLUTE
    ..\FWlib\src\misc.c                      0x00000000   Number         0  misc.o ABSOLUTE
    ..\FWlib\src\stm32f10x_dma.c             0x00000000   Number         0  stm32f10x_dma.o ABSOLUTE
    ..\FWlib\src\stm32f10x_gpio.c            0x00000000   Number         0  stm32f10x_gpio.o ABSOLUTE
    ..\FWlib\src\stm32f10x_rcc.c             0x00000000   Number         0  stm32f10x_rcc.o ABSOLUTE
    ..\FWlib\src\stm32f10x_tim.c             0x00000000   Number         0  stm32f10x_tim.o ABSOLUTE
    ..\FWlib\src\stm32f10x_usart.c           0x00000000   Number         0  stm32f10x_usart.o ABSOLUTE
    ..\HARDWARE\ADC\adc.c                    0x00000000   Number         0  adc.o ABSOLUTE
    ..\HARDWARE\TIMER\timer.c                0x00000000   Number         0  timer.o ABSOLUTE
    ..\\CMSIS\\core_cm3.c                    0x00000000   Number         0  core_cm3.o ABSOLUTE
    cdcmple.s                                0x00000000   Number         0  cdcmple.o ABSOLUTE
    cdrcmple.s                               0x00000000   Number         0  cdrcmple.o ABSOLUTE
    dc.s                                     0x00000000   Number         0  dc.o ABSOLUTE
    eceg_usart.c                             0x00000000   Number         0  eceg_usart.o ABSOLUTE
    handlers.s                               0x00000000   Number         0  handlers.o ABSOLUTE
    init.s                                   0x00000000   Number         0  init.o ABSOLUTE
    led.c                                    0x00000000   Number         0  led.o ABSOLUTE
    main.c                                   0x00000000   Number         0  main.o ABSOLUTE
    polygon.c                                0x00000000   Number         0  polygon.o ABSOLUTE
    protocol.c                               0x00000000   Number         0  protocol.o ABSOLUTE
    resolve.c                                0x00000000   Number         0  resolve.o ABSOLUTE
    ringbuf.c                                0x00000000   Number         0  ringbuf.o ABSOLUTE
    stm32f10x_it.c                           0x00000000   Number         0  stm32f10x_it.o ABSOLUTE
    uart4.c                                  0x00000000   Number         0  uart4.o ABSOLUTE
    usart1.c                                 0x00000000   Number         0  usart1.o ABSOLUTE
    usart2.c                                 0x00000000   Number         0  usart2.o ABSOLUTE
    usart3.c                                 0x00000000   Number         0  usart3.o ABSOLUTE
    variables.c                              0x00000000   Number         0  variables.o ABSOLUTE
    RESET                                    0x08000000   Section      304  startup_stm32f10x_hd.o(RESET)
    .ARM.Collect$$$$00000000                 0x08000130   Section        0  entry.o(.ARM.Collect$$$$00000000)
    .ARM.Collect$$$$00000001                 0x08000130   Section        4  entry2.o(.ARM.Collect$$$$00000001)
    .ARM.Collect$$$$00000004                 0x08000134   Section        4  entry5.o(.ARM.Collect$$$$00000004)
    .ARM.Collect$$$$00000008                 0x08000138   Section        0  entry7b.o(.ARM.Collect$$$$00000008)
    .ARM.Collect$$$$0000000A                 0x08000138   Section        0  entry8b.o(.ARM.Collect$$$$0000000A)
    .ARM.Collect$$$$0000000B                 0x08000138   Section        8  entry9a.o(.ARM.Collect$$$$0000000B)
    .ARM.Collect$$$$0000000D                 0x08000140   Section        0  entry10a.o(.ARM.Collect$$$$0000000D)
    .ARM.Collect$$$$0000000F                 0x08000140   Section        0  entry11a.o(.ARM.Collect$$$$0000000F)
    .ARM.Collect$$$$00002712                 0x08000140   Section        4  entry2.o(.ARM.Collect$$$$00002712)
    __lit__00000000                          0x08000140   Data           4  entry2.o(.ARM.Collect$$$$00002712)
    .text                                    0x08000144   Section       36  startup_stm32f10x_hd.o(.text)
    .text                                    0x08000168   Section        0  main.o(.text)
    .text                                    0x08000ae0   Section        0  stm32f10x_it.o(.text)
    .text                                    0x08000ba0   Section        0  usart1.o(.text)
    .text                                    0x08000ec4   Section        0  led.o(.text)
    .text                                    0x08000ef8   Section        0  ringbuf.o(.text)
    UpdateIndexAtomic                        0x08000ef9   Thumb Code    22  ringbuf.o(.text)
    .text                                    0x08001094   Section        0  polygon.o(.text)
    .text                                    0x08002a34   Section        0  resolve.o(.text)
    .text                                    0x08003bf4   Section        0  usart3.o(.text)
    .text                                    0x08003f44   Section        0  eceg_usart.o(.text)
    itoa                                     0x08004333   Thumb Code    98  eceg_usart.o(.text)
    .text                                    0x080044d4   Section        0  usart2.o(.text)
    .text                                    0x08004830   Section        0  protocol.o(.text)
    .text                                    0x08004ddc   Section        0  uart4.o(.text)
    .text                                    0x0800514c   Section        0  stm32f10x_rcc.o(.text)
    .text                                    0x080054f8   Section        0  stm32f10x_gpio.o(.text)
    .text                                    0x08005850   Section        0  stm32f10x_usart.o(.text)
    .text                                    0x08005c58   Section        0  misc.o(.text)
    .text                                    0x08005d34   Section        0  stm32f10x_dma.o(.text)
    .text                                    0x08005f84   Section        0  system_stm32f10x.o(.text)
    SetSysClockTo72                          0x08005f85   Thumb Code   212  system_stm32f10x.o(.text)
    SetSysClock                              0x08006059   Thumb Code     8  system_stm32f10x.o(.text)
    .text                                    0x08006168   Section        0  timer.o(.text)
    .text                                    0x08006354   Section        0  adc.o(.text)
    .text                                    0x08006528   Section        0  memmovea.o(.text)
    .text                                    0x08006568   Section        0  memseta.o(.text)
    .text                                    0x0800658c   Section        0  strstr.o(.text)
    .text                                    0x080065b0   Section        0  strchr.o(.text)
    .text                                    0x080065c4   Section        0  strlen.o(.text)
    .text                                    0x080065d2   Section        0  memcmp.o(.text)
    .text                                    0x080065ec   Section        0  dadd.o(.text)
    .text                                    0x0800673a   Section        0  dmul.o(.text)
    .text                                    0x0800681e   Section        0  ddiv.o(.text)
    .text                                    0x080068fc   Section        0  ffltui.o(.text)
    .text                                    0x08006906   Section        0  dflti.o(.text)
    .text                                    0x08006928   Section        0  dfltui.o(.text)
    .text                                    0x08006942   Section        0  dfltl.o(.text)
    .text                                    0x0800696a   Section        0  dfixi.o(.text)
    .text                                    0x080069a8   Section        0  f2d.o(.text)
    .text                                    0x080069d0   Section       40  cdcmple.o(.text)
    .text                                    0x080069f8   Section       40  cdrcmple.o(.text)
    .text                                    0x08006a20   Section        0  d2f.o(.text)
    .text                                    0x08006a58   Section        0  uidiv.o(.text)
    .text                                    0x08006a84   Section        0  uldiv.o(.text)
    .text                                    0x08006ae6   Section        0  llshl.o(.text)
    .text                                    0x08006b04   Section        0  llushr.o(.text)
    .text                                    0x08006b24   Section        0  llsshr.o(.text)
    .text                                    0x08006b48   Section        0  fepilogue.o(.text)
    .text                                    0x08006b48   Section        0  iusefp.o(.text)
    .text                                    0x08006bb4   Section        0  depilogue.o(.text)
    .text                                    0x08006c72   Section        0  dscalb.o(.text)
    .text                                    0x08006ca0   Section        0  dsqrt.o(.text)
    .text                                    0x08006d42   Section        0  dfixul.o(.text)
    .text                                    0x08006d74   Section       36  init.o(.text)
    .text                                    0x08006d98   Section        0  __dczerorl2.o(.text)
    i.__0sprintf                             0x08006df4   Section        0  printfa.o(i.__0sprintf)
    i.__ARM_fpclassify                       0x08006e1c   Section        0  fpclassify.o(i.__ARM_fpclassify)
    i.__ieee754_rem_pio2                     0x08006e44   Section        0  rred.o(i.__ieee754_rem_pio2)
    i.__kernel_cos                           0x080071cc   Section        0  cos_i.o(i.__kernel_cos)
    i.__kernel_poly                          0x080072c8   Section        0  poly.o(i.__kernel_poly)
    i.__kernel_sin                           0x08007374   Section        0  sin_i.o(i.__kernel_sin)
    i.__kernel_tan                           0x08007460   Section        0  tan_i.o(i.__kernel_tan)
    i.__mathlib_dbl_underflow                0x080076d8   Section        0  dunder.o(i.__mathlib_dbl_underflow)
    i.__scatterload_copy                     0x080076e8   Section       14  handlers.o(i.__scatterload_copy)
    i.__scatterload_null                     0x080076f6   Section        2  handlers.o(i.__scatterload_null)
    i.__scatterload_zeroinit                 0x080076f8   Section       14  handlers.o(i.__scatterload_zeroinit)
    i.__set_errno                            0x08007708   Section        0  errno.o(i.__set_errno)
    i._fp_digits                             0x08007714   Section        0  printfa.o(i._fp_digits)
    _fp_digits                               0x08007715   Thumb Code   326  printfa.o(i._fp_digits)
    i._printf_core                           0x08007870   Section        0  printfa.o(i._printf_core)
    _printf_core                             0x08007871   Thumb Code  1762  printfa.o(i._printf_core)
    i._printf_post_padding                   0x08007f60   Section        0  printfa.o(i._printf_post_padding)
    _printf_post_padding                     0x08007f61   Thumb Code    38  printfa.o(i._printf_post_padding)
    i._printf_pre_padding                    0x08007f86   Section        0  printfa.o(i._printf_pre_padding)
    _printf_pre_padding                      0x08007f87   Thumb Code    48  printfa.o(i._printf_pre_padding)
    i._sputc                                 0x08007fb6   Section        0  printfa.o(i._sputc)
    _sputc                                   0x08007fb7   Thumb Code    10  printfa.o(i._sputc)
    i.atan                                   0x08007fc0   Section        0  atan.o(i.atan)
    i.cos                                    0x080081e4   Section        0  cos.o(i.cos)
    i.sin                                    0x08008290   Section        0  sin.o(i.sin)
    i.sqrt                                   0x08008340   Section        0  sqrt.o(i.sqrt)
    i.tan                                    0x08008390   Section        0  tan.o(i.tan)
    .constdata                               0x08008404   Section        6  main.o(.constdata)
    .constdata                               0x08008410   Section      152  atan.o(.constdata)
    atanhi                                   0x08008410   Data          32  atan.o(.constdata)
    atanlo                                   0x08008430   Data          32  atan.o(.constdata)
    aTodd                                    0x08008450   Data          40  atan.o(.constdata)
    aTeven                                   0x08008478   Data          48  atan.o(.constdata)
    .constdata                               0x080084a8   Section       48  cos_i.o(.constdata)
    C                                        0x080084a8   Data          48  cos_i.o(.constdata)
    .constdata                               0x080084d8   Section      200  rred.o(.constdata)
    pio2s                                    0x080084d8   Data          48  rred.o(.constdata)
    twooverpi                                0x08008508   Data         152  rred.o(.constdata)
    .constdata                               0x080085a0   Section       40  sin_i.o(.constdata)
    S                                        0x080085a0   Data          40  sin_i.o(.constdata)
    .constdata                               0x080085c8   Section       96  tan_i.o(.constdata)
    Todd                                     0x080085c8   Data          48  tan_i.o(.constdata)
    Teven                                    0x080085f8   Data          48  tan_i.o(.constdata)
    .data                                    0x20000000   Section        1  main.o(.data)
    heartbeat                                0x20000000   Data           1  main.o(.data)
    .data                                    0x20000001   Section        2  stm32f10x_it.o(.data)
    heartbeat2                               0x20000001   Data           1  stm32f10x_it.o(.data)
    heartbeat3                               0x20000002   Data           1  stm32f10x_it.o(.data)
    .data                                    0x20000004   Section       40  usart1.o(.data)
    u8Usart1_Halffull                        0x20000018   Data           1  usart1.o(.data)
    .data                                    0x20000030   Section      280  polygon.o(.data)
    longitudeb                               0x20000130   Data           8  polygon.o(.data)
    latitudeb                                0x20000138   Data           8  polygon.o(.data)
    longitudea                               0x20000140   Data           4  polygon.o(.data)
    latitudea                                0x20000144   Data           4  polygon.o(.data)
    .data                                    0x20000148   Section       84  resolve.o(.data)
    headtemp                                 0x20000148   Data           8  resolve.o(.data)
    headcount                                0x20000150   Data           1  resolve.o(.data)
    rolltemp                                 0x20000158   Data           8  resolve.o(.data)
    rollcount                                0x20000160   Data           1  resolve.o(.data)
    pitchcount                               0x20000161   Data           1  resolve.o(.data)
    pitchtemp                                0x20000168   Data           8  resolve.o(.data)
    speedcount                               0x20000170   Data           1  resolve.o(.data)
    speedtempc                               0x20000171   Data           1  resolve.o(.data)
    pxtemp                                   0x20000178   Data           8  resolve.o(.data)
    pytemp                                   0x20000180   Data           8  resolve.o(.data)
    speedtemp                                0x20000188   Data           8  resolve.o(.data)
    speed                                    0x20000190   Data           8  resolve.o(.data)
    jp                                       0x20000198   Data           2  resolve.o(.data)
    seitaok                                  0x2000019a   Data           1  resolve.o(.data)
    gausscount                               0x2000019b   Data           1  resolve.o(.data)
    .data                                    0x2000019c   Section       40  usart3.o(.data)
    u8Usart3_Halffull                        0x200001b0   Data           1  usart3.o(.data)
    .data                                    0x200001c4   Section       40  usart2.o(.data)
    u8Usart2_Halffull                        0x200001d8   Data           1  usart2.o(.data)
    .data                                    0x200001ec   Section       54  protocol.o(.data)
    su32ParseStatus                          0x2000020c   Data           4  protocol.o(.data)
    su32Pos1                                 0x20000210   Data           4  protocol.o(.data)
    su32Pos2                                 0x20000214   Data           4  protocol.o(.data)
    su32Len                                  0x20000218   Data           4  protocol.o(.data)
    su32Index                                0x2000021c   Data           4  protocol.o(.data)
    i                                        0x20000220   Data           1  protocol.o(.data)
    .data                                    0x20000224   Section       40  uart4.o(.data)
    u8Uart4_Halffull                         0x20000238   Data           1  uart4.o(.data)
    .data                                    0x20000250   Section      176  variables.o(.data)
    .data                                    0x20000300   Section       20  stm32f10x_rcc.o(.data)
    APBAHBPrescTable                         0x20000300   Data          16  stm32f10x_rcc.o(.data)
    ADCPrescTable                            0x20000310   Data           4  stm32f10x_rcc.o(.data)
    .data                                    0x20000314   Section       20  system_stm32f10x.o(.data)
    .data                                    0x20000328   Section        4  errno.o(.data)
    _errno                                   0x20000328   Data           4  errno.o(.data)
    .bss                                     0x2000032c   Section     1714  usart1.o(.bss)
    .bss                                     0x200009de   Section     6656  usart3.o(.bss)
    .bss                                     0x200023de   Section     6656  usart2.o(.bss)
    .bss                                     0x20003dde   Section     3072  protocol.o(.bss)
    .bss                                     0x200049de   Section     6656  uart4.o(.bss)
    .bss                                     0x200063e0   Section     9392  variables.o(.bss)
    STACK                                    0x20008890   Section     2048  startup_stm32f10x_hd.o(STACK)

    Global Symbols

    Symbol Name                              Value     Ov Type        Size  Object(Section)

    BuildAttributes$$THM_ISAv4$P$D$K$B$S$PE$A:L22UL41UL21$X:L11$S22US41US21$IEEE1$IW$USESV6$~STKCKD$USESV7$~SHL$OTIME$ROPI$IEEEX$EBA8$MICROLIB$REQ8$PRES8$EABIv2 0x00000000   Number         0  anon$$obj.o ABSOLUTE
    __ARM_use_no_argv                        0x00000000   Number         0  main.o ABSOLUTE
    _printf_a                                0x00000000   Number         0  stubs.o ABSOLUTE
    _printf_c                                0x00000000   Number         0  stubs.o ABSOLUTE
    _printf_charcount                        0x00000000   Number         0  stubs.o ABSOLUTE
    _printf_d                                0x00000000   Number         0  stubs.o ABSOLUTE
    _printf_e                                0x00000000   Number         0  stubs.o ABSOLUTE
    _printf_f                                0x00000000   Number         0  stubs.o ABSOLUTE
    _printf_flags                            0x00000000   Number         0  stubs.o ABSOLUTE
    _printf_fp_dec                           0x00000000   Number         0  stubs.o ABSOLUTE
    _printf_fp_hex                           0x00000000   Number         0  stubs.o ABSOLUTE
    _printf_g                                0x00000000   Number         0  stubs.o ABSOLUTE
    _printf_i                                0x00000000   Number         0  stubs.o ABSOLUTE
    _printf_int_dec                          0x00000000   Number         0  stubs.o ABSOLUTE
    _printf_l                                0x00000000   Number         0  stubs.o ABSOLUTE
    _printf_lc                               0x00000000   Number         0  stubs.o ABSOLUTE
    _printf_ll                               0x00000000   Number         0  stubs.o ABSOLUTE
    _printf_lld                              0x00000000   Number         0  stubs.o ABSOLUTE
    _printf_lli                              0x00000000   Number         0  stubs.o ABSOLUTE
    _printf_llo                              0x00000000   Number         0  stubs.o ABSOLUTE
    _printf_llu                              0x00000000   Number         0  stubs.o ABSOLUTE
    _printf_llx                              0x00000000   Number         0  stubs.o ABSOLUTE
    _printf_longlong_dec                     0x00000000   Number         0  stubs.o ABSOLUTE
    _printf_longlong_hex                     0x00000000   Number         0  stubs.o ABSOLUTE
    _printf_longlong_oct                     0x00000000   Number         0  stubs.o ABSOLUTE
    _printf_ls                               0x00000000   Number         0  stubs.o ABSOLUTE
    _printf_mbtowc                           0x00000000   Number         0  stubs.o ABSOLUTE
    _printf_n                                0x00000000   Number         0  stubs.o ABSOLUTE
    _printf_o                                0x00000000   Number         0  stubs.o ABSOLUTE
    _printf_p                                0x00000000   Number         0  stubs.o ABSOLUTE
    _printf_percent                          0x00000000   Number         0  stubs.o ABSOLUTE
    _printf_pre_padding                      0x00000000   Number         0  stubs.o ABSOLUTE
    _printf_return_value                     0x00000000   Number         0  stubs.o ABSOLUTE
    _printf_s                                0x00000000   Number         0  stubs.o ABSOLUTE
    _printf_sizespec                         0x00000000   Number         0  stubs.o ABSOLUTE
    _printf_str                              0x00000000   Number         0  stubs.o ABSOLUTE
    _printf_truncate_signed                  0x00000000   Number         0  stubs.o ABSOLUTE
    _printf_truncate_unsigned                0x00000000   Number         0  stubs.o ABSOLUTE
    _printf_u                                0x00000000   Number         0  stubs.o ABSOLUTE
    _printf_wc                               0x00000000   Number         0  stubs.o ABSOLUTE
    _printf_wctomb                           0x00000000   Number         0  stubs.o ABSOLUTE
    _printf_widthprec                        0x00000000   Number         0  stubs.o ABSOLUTE
    _printf_x                                0x00000000   Number         0  stubs.o ABSOLUTE
    __cpp_initialize__aeabi_                  - Undefined Weak Reference
    __cxa_finalize                            - Undefined Weak Reference
    _clock_init                               - Undefined Weak Reference
    _microlib_exit                            - Undefined Weak Reference
    __Vectors_Size                           0x00000130   Number         0  startup_stm32f10x_hd.o ABSOLUTE
    __Vectors                                0x08000000   Data           4  startup_stm32f10x_hd.o(RESET)
    __Vectors_End                            0x08000130   Data           0  startup_stm32f10x_hd.o(RESET)
    __main                                   0x08000131   Thumb Code     0  entry.o(.ARM.Collect$$$$00000000)
    _main_stk                                0x08000131   Thumb Code     0  entry2.o(.ARM.Collect$$$$00000001)
    _main_scatterload                        0x08000135   Thumb Code     0  entry5.o(.ARM.Collect$$$$00000004)
    __main_after_scatterload                 0x08000139   Thumb Code     0  entry5.o(.ARM.Collect$$$$00000004)
    _main_clock                              0x08000139   Thumb Code     0  entry7b.o(.ARM.Collect$$$$00000008)
    _main_cpp_init                           0x08000139   Thumb Code     0  entry8b.o(.ARM.Collect$$$$0000000A)
    _main_init                               0x08000139   Thumb Code     0  entry9a.o(.ARM.Collect$$$$0000000B)
    __rt_final_cpp                           0x08000141   Thumb Code     0  entry10a.o(.ARM.Collect$$$$0000000D)
    __rt_final_exit                          0x08000141   Thumb Code     0  entry11a.o(.ARM.Collect$$$$0000000F)
    Reset_Handler                            0x08000145   Thumb Code     8  startup_stm32f10x_hd.o(.text)
    ADC1_2_IRQHandler                        0x0800015f   Thumb Code     0  startup_stm32f10x_hd.o(.text)
    ADC3_IRQHandler                          0x0800015f   Thumb Code     0  startup_stm32f10x_hd.o(.text)
    CAN1_RX1_IRQHandler                      0x0800015f   Thumb Code     0  startup_stm32f10x_hd.o(.text)
    CAN1_SCE_IRQHandler                      0x0800015f   Thumb Code     0  startup_stm32f10x_hd.o(.text)
    DMA1_Channel1_IRQHandler                 0x0800015f   Thumb Code     0  startup_stm32f10x_hd.o(.text)
    DMA2_Channel1_IRQHandler                 0x0800015f   Thumb Code     0  startup_stm32f10x_hd.o(.text)
    DMA2_Channel2_IRQHandler                 0x0800015f   Thumb Code     0  startup_stm32f10x_hd.o(.text)
    EXTI0_IRQHandler                         0x0800015f   Thumb Code     0  startup_stm32f10x_hd.o(.text)
    EXTI15_10_IRQHandler                     0x0800015f   Thumb Code     0  startup_stm32f10x_hd.o(.text)
    EXTI1_IRQHandler                         0x0800015f   Thumb Code     0  startup_stm32f10x_hd.o(.text)
    EXTI2_IRQHandler                         0x0800015f   Thumb Code     0  startup_stm32f10x_hd.o(.text)
    EXTI3_IRQHandler                         0x0800015f   Thumb Code     0  startup_stm32f10x_hd.o(.text)
    EXTI4_IRQHandler                         0x0800015f   Thumb Code     0  startup_stm32f10x_hd.o(.text)
    EXTI9_5_IRQHandler                       0x0800015f   Thumb Code     0  startup_stm32f10x_hd.o(.text)
    FLASH_IRQHandler                         0x0800015f   Thumb Code     0  startup_stm32f10x_hd.o(.text)
    FSMC_IRQHandler                          0x0800015f   Thumb Code     0  startup_stm32f10x_hd.o(.text)
    I2C1_ER_IRQHandler                       0x0800015f   Thumb Code     0  startup_stm32f10x_hd.o(.text)
    I2C1_EV_IRQHandler                       0x0800015f   Thumb Code     0  startup_stm32f10x_hd.o(.text)
    I2C2_ER_IRQHandler                       0x0800015f   Thumb Code     0  startup_stm32f10x_hd.o(.text)
    I2C2_EV_IRQHandler                       0x0800015f   Thumb Code     0  startup_stm32f10x_hd.o(.text)
    PVD_IRQHandler                           0x0800015f   Thumb Code     0  startup_stm32f10x_hd.o(.text)
    RCC_IRQHandler                           0x0800015f   Thumb Code     0  startup_stm32f10x_hd.o(.text)
    RTCAlarm_IRQHandler                      0x0800015f   Thumb Code     0  startup_stm32f10x_hd.o(.text)
    RTC_IRQHandler                           0x0800015f   Thumb Code     0  startup_stm32f10x_hd.o(.text)
    SDIO_IRQHandler                          0x0800015f   Thumb Code     0  startup_stm32f10x_hd.o(.text)
    SPI1_IRQHandler                          0x0800015f   Thumb Code     0  startup_stm32f10x_hd.o(.text)
    SPI2_IRQHandler                          0x0800015f   Thumb Code     0  startup_stm32f10x_hd.o(.text)
    SPI3_IRQHandler                          0x0800015f   Thumb Code     0  startup_stm32f10x_hd.o(.text)
    TAMPER_IRQHandler                        0x0800015f   Thumb Code     0  startup_stm32f10x_hd.o(.text)
    TIM1_BRK_IRQHandler                      0x0800015f   Thumb Code     0  startup_stm32f10x_hd.o(.text)
    TIM1_CC_IRQHandler                       0x0800015f   Thumb Code     0  startup_stm32f10x_hd.o(.text)
    TIM1_TRG_COM_IRQHandler                  0x0800015f   Thumb Code     0  startup_stm32f10x_hd.o(.text)
    TIM1_UP_IRQHandler                       0x0800015f   Thumb Code     0  startup_stm32f10x_hd.o(.text)
    TIM2_IRQHandler                          0x0800015f   Thumb Code     0  startup_stm32f10x_hd.o(.text)
    TIM4_IRQHandler                          0x0800015f   Thumb Code     0  startup_stm32f10x_hd.o(.text)
    TIM5_IRQHandler                          0x0800015f   Thumb Code     0  startup_stm32f10x_hd.o(.text)
    TIM6_IRQHandler                          0x0800015f   Thumb Code     0  startup_stm32f10x_hd.o(.text)
    TIM7_IRQHandler                          0x0800015f   Thumb Code     0  startup_stm32f10x_hd.o(.text)
    TIM8_BRK_IRQHandler                      0x0800015f   Thumb Code     0  startup_stm32f10x_hd.o(.text)
    TIM8_CC_IRQHandler                       0x0800015f   Thumb Code     0  startup_stm32f10x_hd.o(.text)
    TIM8_TRG_COM_IRQHandler                  0x0800015f   Thumb Code     0  startup_stm32f10x_hd.o(.text)
    TIM8_UP_IRQHandler                       0x0800015f   Thumb Code     0  startup_stm32f10x_hd.o(.text)
    UART5_IRQHandler                         0x0800015f   Thumb Code     0  startup_stm32f10x_hd.o(.text)
    USBWakeUp_IRQHandler                     0x0800015f   Thumb Code     0  startup_stm32f10x_hd.o(.text)
    USB_HP_CAN1_TX_IRQHandler                0x0800015f   Thumb Code     0  startup_stm32f10x_hd.o(.text)
    USB_LP_CAN1_RX0_IRQHandler               0x0800015f   Thumb Code     0  startup_stm32f10x_hd.o(.text)
    WWDG_IRQHandler                          0x0800015f   Thumb Code     0  startup_stm32f10x_hd.o(.text)
    delay_ms                                 0x08000169   Thumb Code    22  main.o(.text)
    find_str                                 0x0800017f   Thumb Code    84  main.o(.text)
    order                                    0x080001d3   Thumb Code   738  main.o(.text)
    hearttest                                0x080004b5   Thumb Code    54  main.o(.text)
    DK_NVIC_Init                             0x080004eb   Thumb Code    82  main.o(.text)
    main                                     0x0800053d   Thumb Code  1426  main.o(.text)
    NMI_Handler                              0x08000ae1   Thumb Code     2  stm32f10x_it.o(.text)
    HardFault_Handler                        0x08000ae3   Thumb Code     4  stm32f10x_it.o(.text)
    MemManage_Handler                        0x08000ae7   Thumb Code     4  stm32f10x_it.o(.text)
    BusFault_Handler                         0x08000aeb   Thumb Code     4  stm32f10x_it.o(.text)
    UsageFault_Handler                       0x08000aef   Thumb Code     4  stm32f10x_it.o(.text)
    SVC_Handler                              0x08000af3   Thumb Code     2  stm32f10x_it.o(.text)
    DebugMon_Handler                         0x08000af5   Thumb Code     2  stm32f10x_it.o(.text)
    PendSV_Handler                           0x08000af7   Thumb Code     2  stm32f10x_it.o(.text)
    SysTick_Handler                          0x08000af9   Thumb Code   138  stm32f10x_it.o(.text)
    DMA1_Channel5_IRQ                        0x08000ba1   Thumb Code   156  usart1.o(.text)
    DMA1_Channel5_IRQHandler                 0x08000c3d   Thumb Code     8  usart1.o(.text)
    DMA1_Channel4_IRQ                        0x08000c45   Thumb Code   126  usart1.o(.text)
    DMA1_Channel4_IRQHandler                 0x08000cc3   Thumb Code     8  usart1.o(.text)
    USART1_IRQ                               0x08000ccb   Thumb Code   186  usart1.o(.text)
    USART1_IRQHandler                        0x08000d85   Thumb Code     8  usart1.o(.text)
    Usart1_Send                              0x08000d8d   Thumb Code   124  usart1.o(.text)
    USART1_Config                            0x08000e09   Thumb Code   160  usart1.o(.text)
    LED_GPIO_Config                          0x08000ec5   Thumb Code    46  led.o(.text)
    RingBufFull                              0x08000f0f   Thumb Code    32  ringbuf.o(.text)
    RingBufEmpty                             0x08000f2f   Thumb Code    18  ringbuf.o(.text)
    RingBufFlush                             0x08000f41   Thumb Code     6  ringbuf.o(.text)
    RingBufUsed                              0x08000f47   Thumb Code    24  ringbuf.o(.text)
    RingBufFree                              0x08000f5f   Thumb Code    18  ringbuf.o(.text)
    RingBufContigUsed                        0x08000f71   Thumb Code    20  ringbuf.o(.text)
    RingBufContigFree                        0x08000f85   Thumb Code    34  ringbuf.o(.text)
    RingBufSize                              0x08000fa7   Thumb Code     6  ringbuf.o(.text)
    RingBufReadOne                           0x08000fad   Thumb Code    26  ringbuf.o(.text)
    RingBufRead                              0x08000fc7   Thumb Code    32  ringbuf.o(.text)
    RingBufAdvanceRead                       0x08000fe7   Thumb Code    40  ringbuf.o(.text)
    RingBufAdvanceWrite                      0x0800100f   Thumb Code    64  ringbuf.o(.text)
    RingBufWriteOne                          0x0800104f   Thumb Code    24  ringbuf.o(.text)
    RingBufWrite                             0x08001067   Thumb Code    32  ringbuf.o(.text)
    RingBufInit                              0x08001087   Thumb Code    12  ringbuf.o(.text)
    changeformat                             0x08001095   Thumb Code   214  polygon.o(.text)
    GaussProjCal                             0x0800116b   Thumb Code  1838  polygon.o(.text)
    getheading                               0x08001899   Thumb Code   564  polygon.o(.text)
    lright                                   0x08001acd   Thumb Code    34  polygon.o(.text)
    lleft                                    0x08001aef   Thumb Code    34  polygon.o(.text)
    ldr                                      0x08001b11   Thumb Code    34  polygon.o(.text)
    bleft                                    0x08001b33   Thumb Code    30  polygon.o(.text)
    bright                                   0x08001b51   Thumb Code    34  polygon.o(.text)
    gettoorbit                               0x08001b73   Thumb Code   718  polygon.o(.text)
    changedirections                         0x08001e41   Thumb Code  2328  polygon.o(.text)
    TranslateLTude                           0x08002759   Thumb Code   218  polygon.o(.text)
    PtInPolygon                              0x08002833   Thumb Code   512  polygon.o(.text)
    hextodex                                 0x08002a35   Thumb Code   340  resolve.o(.text)
    order_sendinit                           0x08002b89   Thumb Code   206  resolve.o(.text)
    rolltodec                                0x08002c57   Thumb Code   374  resolve.o(.text)
    pitchtodec                               0x08002dcd   Thumb Code   432  resolve.o(.text)
    getspeed                                 0x08002f7d   Thumb Code   216  resolve.o(.text)
    pathstopathy                             0x08003055   Thumb Code   106  resolve.o(.text)
    pathstopathx                             0x080030bf   Thumb Code   106  resolve.o(.text)
    pathresolve                              0x08003129   Thumb Code   488  resolve.o(.text)
    move                                     0x08003311   Thumb Code  1734  resolve.o(.text)
    gpggaresolve                             0x080039d7   Thumb Code   432  resolve.o(.text)
    longtodouble                             0x08003b87   Thumb Code   106  resolve.o(.text)
    DMA1_Channel3_IRQ                        0x08003bf5   Thumb Code   176  usart3.o(.text)
    DMA1_Channel3_IRQHandler                 0x08003ca5   Thumb Code     8  usart3.o(.text)
    DMA1_Channel2_IRQ                        0x08003cad   Thumb Code   124  usart3.o(.text)
    DMA1_Channel2_IRQHandler                 0x08003d29   Thumb Code     8  usart3.o(.text)
    USART3_IRQ                               0x08003d31   Thumb Code   206  usart3.o(.text)
    USART3_IRQHandler                        0x08003dff   Thumb Code     8  usart3.o(.text)
    Usart3_Send                              0x08003e07   Thumb Code   124  usart3.o(.text)
    USART3_Config                            0x08003e83   Thumb Code   166  usart3.o(.text)
    Usart_NVIC_Config                        0x08003f45   Thumb Code   298  eceg_usart.o(.text)
    Usart_DMA_Config                         0x0800406f   Thumb Code   672  eceg_usart.o(.text)
    fputc                                    0x0800430f   Thumb Code    36  eceg_usart.o(.text)
    USART1_printf                            0x08004395   Thumb Code   320  eceg_usart.o(.text)
    DMA1_Channel6_IRQ                        0x080044d5   Thumb Code   156  usart2.o(.text)
    DMA1_Channel6_IRQHandler                 0x08004571   Thumb Code     8  usart2.o(.text)
    DMA1_Channel7_IRQ                        0x08004579   Thumb Code   158  usart2.o(.text)
    DMA1_Channel7_IRQHandler                 0x08004617   Thumb Code     8  usart2.o(.text)
    USART2_IRQ                               0x0800461f   Thumb Code   186  usart2.o(.text)
    USART2_IRQHandler                        0x080046d9   Thumb Code     8  usart2.o(.text)
    Usart2_Send                              0x080046e1   Thumb Code   136  usart2.o(.text)
    USART2_Config                            0x08004769   Thumb Code   162  usart2.o(.text)
    memstr                                   0x08004831   Thumb Code    58  protocol.o(.text)
    UpLinkTransform                          0x0800486b   Thumb Code    88  protocol.o(.text)
    DownLinkTransform                        0x080048c3   Thumb Code   210  protocol.o(.text)
    UnloadDataToDataLink                     0x08004995   Thumb Code    96  protocol.o(.text)
    LoadDataToDataLink                       0x080049f5   Thumb Code   106  protocol.o(.text)
    ParseProtocol                            0x08004a5f   Thumb Code   484  protocol.o(.text)
    SendData_thisprotocol                    0x08004c43   Thumb Code    96  protocol.o(.text)
    AppProcesspacket                         0x08004ca3   Thumb Code   314  protocol.o(.text)
    DMA2_Channel3_IRQ                        0x08004ddd   Thumb Code   162  uart4.o(.text)
    DMA2_Channel3_IRQHandler                 0x08004e7f   Thumb Code     8  uart4.o(.text)
    DMA2_Channel5_IRQ                        0x08004e87   Thumb Code   154  uart4.o(.text)
    DMA2_Channel4_5_IRQHandler               0x08004f21   Thumb Code     8  uart4.o(.text)
    UART4_IRQ                                0x08004f29   Thumb Code   198  uart4.o(.text)
    UART4_IRQHandler                         0x08004fef   Thumb Code     8  uart4.o(.text)
    Uart4_Send                               0x08004ff7   Thumb Code   136  uart4.o(.text)
    UART4_Config                             0x0800507f   Thumb Code   166  uart4.o(.text)
    RCC_DeInit                               0x0800514d   Thumb Code    64  stm32f10x_rcc.o(.text)
    RCC_HSEConfig                            0x0800518d   Thumb Code    70  stm32f10x_rcc.o(.text)
    RCC_GetFlagStatus                        0x080051d3   Thumb Code    56  stm32f10x_rcc.o(.text)
    RCC_WaitForHSEStartUp                    0x0800520b   Thumb Code    56  stm32f10x_rcc.o(.text)
    RCC_AdjustHSICalibrationValue            0x08005243   Thumb Code    20  stm32f10x_rcc.o(.text)
    RCC_HSICmd                               0x08005257   Thumb Code     6  stm32f10x_rcc.o(.text)
    RCC_PLLConfig                            0x0800525d   Thumb Code    24  stm32f10x_rcc.o(.text)
    RCC_PLLCmd                               0x08005275   Thumb Code     6  stm32f10x_rcc.o(.text)
    RCC_SYSCLKConfig                         0x0800527b   Thumb Code    18  stm32f10x_rcc.o(.text)
    RCC_GetSYSCLKSource                      0x0800528d   Thumb Code    10  stm32f10x_rcc.o(.text)
    RCC_HCLKConfig                           0x08005297   Thumb Code    18  stm32f10x_rcc.o(.text)
    RCC_PCLK1Config                          0x080052a9   Thumb Code    18  stm32f10x_rcc.o(.text)
    RCC_PCLK2Config                          0x080052bb   Thumb Code    20  stm32f10x_rcc.o(.text)
    RCC_ITConfig                             0x080052cf   Thumb Code    26  stm32f10x_rcc.o(.text)
    RCC_USBCLKConfig                         0x080052e9   Thumb Code     6  stm32f10x_rcc.o(.text)
    RCC_ADCCLKConfig                         0x080052ef   Thumb Code    18  stm32f10x_rcc.o(.text)
    RCC_LSEConfig                            0x08005301   Thumb Code    44  stm32f10x_rcc.o(.text)
    RCC_LSICmd                               0x0800532d   Thumb Code     6  stm32f10x_rcc.o(.text)
    RCC_RTCCLKConfig                         0x08005333   Thumb Code    12  stm32f10x_rcc.o(.text)
    RCC_RTCCLKCmd                            0x0800533f   Thumb Code     8  stm32f10x_rcc.o(.text)
    RCC_GetClocksFreq                        0x08005347   Thumb Code   192  stm32f10x_rcc.o(.text)
    RCC_AHBPeriphClockCmd                    0x08005407   Thumb Code    26  stm32f10x_rcc.o(.text)
    RCC_APB2PeriphClockCmd                   0x08005421   Thumb Code    26  stm32f10x_rcc.o(.text)
    RCC_APB1PeriphClockCmd                   0x0800543b   Thumb Code    26  stm32f10x_rcc.o(.text)
    RCC_APB2PeriphResetCmd                   0x08005455   Thumb Code    26  stm32f10x_rcc.o(.text)
    RCC_APB1PeriphResetCmd                   0x0800546f   Thumb Code    26  stm32f10x_rcc.o(.text)
    RCC_BackupResetCmd                       0x08005489   Thumb Code     8  stm32f10x_rcc.o(.text)
    RCC_ClockSecuritySystemCmd               0x08005491   Thumb Code     6  stm32f10x_rcc.o(.text)
    RCC_MCOConfig                            0x08005497   Thumb Code     6  stm32f10x_rcc.o(.text)
    RCC_ClearFlag                            0x0800549d   Thumb Code    14  stm32f10x_rcc.o(.text)
    RCC_GetITStatus                          0x080054ab   Thumb Code    20  stm32f10x_rcc.o(.text)
    RCC_ClearITPendingBit                    0x080054bf   Thumb Code     6  stm32f10x_rcc.o(.text)
    GPIO_DeInit                              0x080054f9   Thumb Code   172  stm32f10x_gpio.o(.text)
    GPIO_AFIODeInit                          0x080055a5   Thumb Code    20  stm32f10x_gpio.o(.text)
    GPIO_Init                                0x080055b9   Thumb Code   274  stm32f10x_gpio.o(.text)
    GPIO_StructInit                          0x080056cb   Thumb Code    16  stm32f10x_gpio.o(.text)
    GPIO_ReadInputDataBit                    0x080056db   Thumb Code    18  stm32f10x_gpio.o(.text)
    GPIO_ReadInputData                       0x080056ed   Thumb Code     8  stm32f10x_gpio.o(.text)
    GPIO_ReadOutputDataBit                   0x080056f5   Thumb Code    18  stm32f10x_gpio.o(.text)
    GPIO_ReadOutputData                      0x08005707   Thumb Code     8  stm32f10x_gpio.o(.text)
    GPIO_SetBits                             0x0800570f   Thumb Code     4  stm32f10x_gpio.o(.text)
    GPIO_ResetBits                           0x08005713   Thumb Code     4  stm32f10x_gpio.o(.text)
    GPIO_WriteBit                            0x08005717   Thumb Code    10  stm32f10x_gpio.o(.text)
    GPIO_Write                               0x08005721   Thumb Code     4  stm32f10x_gpio.o(.text)
    GPIO_PinLockConfig                       0x08005725   Thumb Code    18  stm32f10x_gpio.o(.text)
    GPIO_EventOutputConfig                   0x08005737   Thumb Code    26  stm32f10x_gpio.o(.text)
    GPIO_EventOutputCmd                      0x08005751   Thumb Code     6  stm32f10x_gpio.o(.text)
    GPIO_PinRemapConfig                      0x08005757   Thumb Code   138  stm32f10x_gpio.o(.text)
    GPIO_EXTILineConfig                      0x080057e1   Thumb Code    66  stm32f10x_gpio.o(.text)
    GPIO_ETH_MediaInterfaceConfig            0x08005823   Thumb Code     6  stm32f10x_gpio.o(.text)
    USART_DeInit                             0x08005851   Thumb Code   134  stm32f10x_usart.o(.text)
    USART_Init                               0x080058d7   Thumb Code   210  stm32f10x_usart.o(.text)
    USART_StructInit                         0x080059a9   Thumb Code    24  stm32f10x_usart.o(.text)
    USART_ClockInit                          0x080059c1   Thumb Code    34  stm32f10x_usart.o(.text)
    USART_ClockStructInit                    0x080059e3   Thumb Code    12  stm32f10x_usart.o(.text)
    USART_Cmd                                0x080059ef   Thumb Code    24  stm32f10x_usart.o(.text)
    USART_ITConfig                           0x08005a07   Thumb Code    74  stm32f10x_usart.o(.text)
    USART_DMACmd                             0x08005a51   Thumb Code    18  stm32f10x_usart.o(.text)
    USART_SetAddress                         0x08005a63   Thumb Code    18  stm32f10x_usart.o(.text)
    USART_WakeUpConfig                       0x08005a75   Thumb Code    18  stm32f10x_usart.o(.text)
    USART_ReceiverWakeUpCmd                  0x08005a87   Thumb Code    24  stm32f10x_usart.o(.text)
    USART_LINBreakDetectLengthConfig         0x08005a9f   Thumb Code    18  stm32f10x_usart.o(.text)
    USART_LINCmd                             0x08005ab1   Thumb Code    24  stm32f10x_usart.o(.text)
    USART_SendData                           0x08005ac9   Thumb Code     8  stm32f10x_usart.o(.text)
    USART_ReceiveData                        0x08005ad1   Thumb Code    10  stm32f10x_usart.o(.text)
    USART_SendBreak                          0x08005adb   Thumb Code    10  stm32f10x_usart.o(.text)
    USART_SetGuardTime                       0x08005ae5   Thumb Code    16  stm32f10x_usart.o(.text)
    USART_SetPrescaler                       0x08005af5   Thumb Code    16  stm32f10x_usart.o(.text)
    USART_SmartCardCmd                       0x08005b05   Thumb Code    24  stm32f10x_usart.o(.text)
    USART_SmartCardNACKCmd                   0x08005b1d   Thumb Code    24  stm32f10x_usart.o(.text)
    USART_HalfDuplexCmd                      0x08005b35   Thumb Code    24  stm32f10x_usart.o(.text)
    USART_OverSampling8Cmd                   0x08005b4d   Thumb Code    22  stm32f10x_usart.o(.text)
    USART_OneBitMethodCmd                    0x08005b63   Thumb Code    24  stm32f10x_usart.o(.text)
    USART_IrDAConfig                         0x08005b7b   Thumb Code    18  stm32f10x_usart.o(.text)
    USART_IrDACmd                            0x08005b8d   Thumb Code    24  stm32f10x_usart.o(.text)
    USART_GetFlagStatus                      0x08005ba5   Thumb Code    26  stm32f10x_usart.o(.text)
    USART_ClearFlag                          0x08005bbf   Thumb Code    18  stm32f10x_usart.o(.text)
    USART_GetITStatus                        0x08005bd1   Thumb Code    84  stm32f10x_usart.o(.text)
    USART_ClearITPendingBit                  0x08005c25   Thumb Code    52  stm32f10x_usart.o(.text)
    NVIC_PriorityGroupConfig                 0x08005c59   Thumb Code    10  misc.o(.text)
    NVIC_Init                                0x08005c63   Thumb Code   102  misc.o(.text)
    NVIC_SetVectorTable                      0x08005cc9   Thumb Code    14  misc.o(.text)
    NVIC_SystemLPConfig                      0x08005cd7   Thumb Code    34  misc.o(.text)
    SysTick_CLKSourceConfig                  0x08005cf9   Thumb Code    40  misc.o(.text)
    DMA_DeInit                               0x08005d35   Thumb Code   324  stm32f10x_dma.o(.text)
    DMA_Init                                 0x08005e79   Thumb Code    60  stm32f10x_dma.o(.text)
    DMA_StructInit                           0x08005eb5   Thumb Code    26  stm32f10x_dma.o(.text)
    DMA_Cmd                                  0x08005ecf   Thumb Code    24  stm32f10x_dma.o(.text)
    DMA_ITConfig                             0x08005ee7   Thumb Code    18  stm32f10x_dma.o(.text)
    DMA_SetCurrDataCounter                   0x08005ef9   Thumb Code     4  stm32f10x_dma.o(.text)
    DMA_GetCurrDataCounter                   0x08005efd   Thumb Code     8  stm32f10x_dma.o(.text)
    DMA_GetFlagStatus                        0x08005f05   Thumb Code    38  stm32f10x_dma.o(.text)
    DMA_ClearFlag                            0x08005f2b   Thumb Code    22  stm32f10x_dma.o(.text)
    DMA_GetITStatus                          0x08005f41   Thumb Code    38  stm32f10x_dma.o(.text)
    DMA_ClearITPendingBit                    0x08005f67   Thumb Code    22  stm32f10x_dma.o(.text)
    SystemInit                               0x08006061   Thumb Code    78  system_stm32f10x.o(.text)
    SystemCoreClockUpdate                    0x080060af   Thumb Code   142  system_stm32f10x.o(.text)
    TIM3_IRQHandler                          0x08006169   Thumb Code    18  timer.o(.text)
    Timerx_Init                              0x0800617b   Thumb Code    66  timer.o(.text)
    PWM_Initch1                              0x080061bd   Thumb Code   112  timer.o(.text)
    PWM_Initch2                              0x0800622d   Thumb Code    92  timer.o(.text)
    PWM_Initch3                              0x08006289   Thumb Code   100  timer.o(.text)
    PWM_Initch4                              0x080062ed   Thumb Code    88  timer.o(.text)
    Adc_Init                                 0x08006355   Thumb Code   296  adc.o(.text)
    Get_Adc                                  0x0800647d   Thumb Code    66  adc.o(.text)
    powadc                                   0x080064bf   Thumb Code    78  adc.o(.text)
    ___aeabi_memcpy4$move                    0x08006529   Thumb Code     0  memmovea.o(.text)
    ___aeabi_memcpy8$move                    0x08006529   Thumb Code     0  memmovea.o(.text)
    __aeabi_memcpy                           0x08006529   Thumb Code    64  memmovea.o(.text)
    __aeabi_memmove                          0x08006529   Thumb Code     0  memmovea.o(.text)
    __aeabi_memmove4                         0x08006529   Thumb Code     0  memmovea.o(.text)
    __aeabi_memmove8                         0x08006529   Thumb Code     0  memmovea.o(.text)
    __aeabi_memset                           0x08006569   Thumb Code    14  memseta.o(.text)
    __aeabi_memset4                          0x08006569   Thumb Code     0  memseta.o(.text)
    __aeabi_memset8                          0x08006569   Thumb Code     0  memseta.o(.text)
    __aeabi_memclr                           0x08006577   Thumb Code     4  memseta.o(.text)
    __aeabi_memclr4                          0x08006577   Thumb Code     0  memseta.o(.text)
    __aeabi_memclr8                          0x08006577   Thumb Code     0  memseta.o(.text)
    _memset$wrapper                          0x0800657b   Thumb Code    18  memseta.o(.text)
    strstr                                   0x0800658d   Thumb Code    36  strstr.o(.text)
    strchr                                   0x080065b1   Thumb Code    20  strchr.o(.text)
    strlen                                   0x080065c5   Thumb Code    14  strlen.o(.text)
    memcmp                                   0x080065d3   Thumb Code    26  memcmp.o(.text)
    __aeabi_dadd                             0x080065ed   Thumb Code   322  dadd.o(.text)
    __aeabi_dsub                             0x0800672f   Thumb Code     6  dadd.o(.text)
    __aeabi_drsub                            0x08006735   Thumb Code     6  dadd.o(.text)
    __aeabi_dmul                             0x0800673b   Thumb Code   228  dmul.o(.text)
    __aeabi_ddiv                             0x0800681f   Thumb Code   222  ddiv.o(.text)
    __aeabi_ui2f                             0x080068fd   Thumb Code    10  ffltui.o(.text)
    __aeabi_i2d                              0x08006907   Thumb Code    34  dflti.o(.text)
    __aeabi_ui2d                             0x08006929   Thumb Code    26  dfltui.o(.text)
    __aeabi_l2d                              0x08006943   Thumb Code    40  dfltl.o(.text)
    __aeabi_d2iz                             0x0800696b   Thumb Code    62  dfixi.o(.text)
    __aeabi_f2d                              0x080069a9   Thumb Code    38  f2d.o(.text)
    __aeabi_cdcmpeq                          0x080069d1   Thumb Code     0  cdcmple.o(.text)
    __aeabi_cdcmple                          0x080069d1   Thumb Code    38  cdcmple.o(.text)
    __aeabi_cdrcmple                         0x080069f9   Thumb Code    38  cdrcmple.o(.text)
    __aeabi_d2f                              0x08006a21   Thumb Code    56  d2f.o(.text)
    __aeabi_uidiv                            0x08006a59   Thumb Code     0  uidiv.o(.text)
    __aeabi_uidivmod                         0x08006a59   Thumb Code    44  uidiv.o(.text)
    __aeabi_uldivmod                         0x08006a85   Thumb Code    98  uldiv.o(.text)
    __aeabi_llsl                             0x08006ae7   Thumb Code    30  llshl.o(.text)
    _ll_shift_l                              0x08006ae7   Thumb Code     0  llshl.o(.text)
    __aeabi_llsr                             0x08006b05   Thumb Code    32  llushr.o(.text)
    _ll_ushift_r                             0x08006b05   Thumb Code     0  llushr.o(.text)
    __aeabi_lasr                             0x08006b25   Thumb Code    36  llsshr.o(.text)
    _ll_sshift_r                             0x08006b25   Thumb Code     0  llsshr.o(.text)
    __I$use$fp                               0x08006b49   Thumb Code     0  iusefp.o(.text)
    _float_round                             0x08006b49   Thumb Code    18  fepilogue.o(.text)
    _float_epilogue                          0x08006b5b   Thumb Code    90  fepilogue.o(.text)
    _double_round                            0x08006bb5   Thumb Code    26  depilogue.o(.text)
    _double_epilogue                         0x08006bcf   Thumb Code   164  depilogue.o(.text)
    __ARM_scalbn                             0x08006c73   Thumb Code    46  dscalb.o(.text)
    scalbn                                   0x08006c73   Thumb Code     0  dscalb.o(.text)
    _dsqrt                                   0x08006ca1   Thumb Code   162  dsqrt.o(.text)
    __aeabi_d2ulz                            0x08006d43   Thumb Code    48  dfixul.o(.text)
    __scatterload                            0x08006d75   Thumb Code    28  init.o(.text)
    __scatterload_rt2                        0x08006d75   Thumb Code     0  init.o(.text)
    __decompress                             0x08006d99   Thumb Code     0  __dczerorl2.o(.text)
    __decompress1                            0x08006d99   Thumb Code    92  __dczerorl2.o(.text)
    __0sprintf                               0x08006df5   Thumb Code    34  printfa.o(i.__0sprintf)
    __1sprintf                               0x08006df5   Thumb Code     0  printfa.o(i.__0sprintf)
    __2sprintf                               0x08006df5   Thumb Code     0  printfa.o(i.__0sprintf)
    __c89sprintf                             0x08006df5   Thumb Code     0  printfa.o(i.__0sprintf)
    sprintf                                  0x08006df5   Thumb Code     0  printfa.o(i.__0sprintf)
    __ARM_fpclassify                         0x08006e1d   Thumb Code    40  fpclassify.o(i.__ARM_fpclassify)
    __ieee754_rem_pio2                       0x08006e45   Thumb Code   832  rred.o(i.__ieee754_rem_pio2)
    __kernel_cos                             0x080071cd   Thumb Code   230  cos_i.o(i.__kernel_cos)
    __kernel_poly                            0x080072c9   Thumb Code   170  poly.o(i.__kernel_poly)
    __kernel_sin                             0x08007375   Thumb Code   224  sin_i.o(i.__kernel_sin)
    __kernel_tan                             0x08007461   Thumb Code   582  tan_i.o(i.__kernel_tan)
    __mathlib_dbl_underflow                  0x080076d9   Thumb Code    10  dunder.o(i.__mathlib_dbl_underflow)
    __scatterload_copy                       0x080076e9   Thumb Code    14  handlers.o(i.__scatterload_copy)
    __scatterload_null                       0x080076f7   Thumb Code     2  handlers.o(i.__scatterload_null)
    __scatterload_zeroinit                   0x080076f9   Thumb Code    14  handlers.o(i.__scatterload_zeroinit)
    __set_errno                              0x08007709   Thumb Code     6  errno.o(i.__set_errno)
    atan                                     0x08007fc1   Thumb Code   478  atan.o(i.atan)
    cos                                      0x080081e5   Thumb Code   164  cos.o(i.cos)
    sin                                      0x08008291   Thumb Code   166  sin.o(i.sin)
    sqrt                                     0x08008341   Thumb Code    78  sqrt.o(i.sqrt)
    tan                                      0x08008391   Thumb Code   106  tan.o(i.tan)
    Region$$Table$$Base                      0x08008628   Number         0  anon$$obj.o(Region$$Table)
    Region$$Table$$Limit                     0x08008648   Number         0  anon$$obj.o(Region$$Table)
    sUsart1_entity                           0x20000004   Data          20  usart1.o(.data)
    sUsart1_RingBuf                          0x2000001c   Data          16  usart1.o(.data)
    ptPolygon                                0x20000030   Data         256  polygon.o(.data)
    sUsart3_entity                           0x2000019c   Data          20  usart3.o(.data)
    sUsart3_RingBuf                          0x200001b4   Data          16  usart3.o(.data)
    sUsart2_entity                           0x200001c4   Data          20  usart2.o(.data)
    sUsart2_RingBuf                          0x200001dc   Data          16  usart2.o(.data)
    sPacketOfDataLinkDown                    0x200001ec   Data           7  protocol.o(.data)
    sPacketOfAppInfoRec                      0x200001f3   Data           8  protocol.o(.data)
    sPacketOfDataLinkUp                      0x200001fb   Data           7  protocol.o(.data)
    sPacketOfAppInfoSend                     0x20000202   Data           8  protocol.o(.data)
    i                                        0x20000221   Data           1  protocol.o(.data)
    sUart4_entity                            0x20000224   Data          20  uart4.o(.data)
    sUart4_RingBuf                           0x2000023c   Data          16  uart4.o(.data)
    heartok                                  0x20000250   Data           1  variables.o(.data)
    beat                                     0x20000252   Data           2  variables.o(.data)
    seitatest                                0x20000258   Data           8  variables.o(.data)
    pathen                                   0x20000260   Data           1  variables.o(.data)
    speeden                                  0x20000261   Data           1  variables.o(.data)
    rotateok                                 0x20000262   Data           1  variables.o(.data)
    rotateok1                                0x20000263   Data           1  variables.o(.data)
    pathok                                   0x20000264   Data           1  variables.o(.data)
    pathlen                                  0x20000266   Data           2  variables.o(.data)
    comd1                                    0x20000268   Data           5  variables.o(.data)
    comd2                                    0x2000026d   Data           5  variables.o(.data)
    comd3                                    0x20000272   Data           6  variables.o(.data)
    comd4                                    0x20000278   Data           6  variables.o(.data)
    comd5                                    0x2000027e   Data           6  variables.o(.data)
    command1                                 0x20000284   Data           4  variables.o(.data)
    command2                                 0x20000288   Data           4  variables.o(.data)
    command3                                 0x2000028c   Data           4  variables.o(.data)
    command4                                 0x20000290   Data           4  variables.o(.data)
    command5                                 0x20000294   Data           4  variables.o(.data)
    latitude3                                0x20000298   Data           8  variables.o(.data)
    longitude3                               0x200002a0   Data           8  variables.o(.data)
    ptuoqiu                                  0x200002a8   Data           4  variables.o(.data)
    gaosix3                                  0x200002b0   Data           8  variables.o(.data)
    gaosiy3                                  0x200002b8   Data           8  variables.o(.data)
    gaosix4                                  0x200002c0   Data           8  variables.o(.data)
    gaosiy4                                  0x200002c8   Data           8  variables.o(.data)
    gaosi                                    0x200002d0   Data           4  variables.o(.data)
    seita                                    0x200002d8   Data           8  variables.o(.data)
    head2                                    0x200002e0   Data           8  variables.o(.data)
    pitch2                                   0x200002e8   Data           8  variables.o(.data)
    roll2                                    0x200002f0   Data           8  variables.o(.data)
    count                                    0x200002f8   Data           2  variables.o(.data)
    ps                                       0x200002fc   Data           4  variables.o(.data)
    SystemCoreClock                          0x20000314   Data           4  system_stm32f10x.o(.data)
    AHBPrescTable                            0x20000318   Data          16  system_stm32f10x.o(.data)
    u8Usart1_SendBuff                        0x2000032c   Data          50  usart1.o(.bss)
    u8Usart1_User_RX_Buffer                  0x2000035e   Data        1024  usart1.o(.bss)
    u8Usart1_TX_Buffer                       0x2000075e   Data         128  usart1.o(.bss)
    u8Usart1_RX_Buffer                       0x200007de   Data         512  usart1.o(.bss)
    u8Usart3_SendBuff                        0x200009de   Data        2048  usart3.o(.bss)
    u8Usart3_User_RX_Buffer                  0x200011de   Data        2048  usart3.o(.bss)
    u8Usart3_TX_Buffer                       0x200019de   Data        2048  usart3.o(.bss)
    u8Usart3_RX_Buffer                       0x200021de   Data         512  usart3.o(.bss)
    u8Usart2_SendBuff                        0x200023de   Data        2048  usart2.o(.bss)
    u8Usart2_User_RX_Buffer                  0x20002bde   Data        2048  usart2.o(.bss)
    u8Usart2_TX_Buffer                       0x200033de   Data        2048  usart2.o(.bss)
    u8Usart2_RX_Buffer                       0x20003bde   Data         512  usart2.o(.bss)
    u8AppRecData                             0x20003dde   Data         512  protocol.o(.bss)
    u8AppSendData                            0x20003fde   Data         512  protocol.o(.bss)
    u8RecBuffer                              0x200041de   Data         512  protocol.o(.bss)
    u8SendBuffer                             0x200043de   Data         512  protocol.o(.bss)
    u8DataPool                               0x200045de   Data         512  protocol.o(.bss)
    outputdata                               0x200047de   Data         512  protocol.o(.bss)
    u8Uart4_SendBuff                         0x200049de   Data        2048  uart4.o(.bss)
    u8Uart4_User_RX_Buffer                   0x200051de   Data        2048  uart4.o(.bss)
    u8Uart4_TX_Buffer                        0x200059de   Data        2048  uart4.o(.bss)
    u8Uart4_RX_Buffer                        0x200061de   Data         512  uart4.o(.bss)
    package                                  0x200063e0   Data          70  variables.o(.bss)
    coord                                    0x20006426   Data          50  variables.o(.bss)
    pathrecord                               0x20006458   Data        1024  variables.o(.bss)
    pathrecord1                              0x20006858   Data        8192  variables.o(.bss)
    tuoqiu1                                  0x20008858   Data          40  variables.o(.bss)
    gaosiplain1                              0x20008880   Data          16  variables.o(.bss)
    __initial_sp                             0x20009090   Data           0  startup_stm32f10x_hd.o(STACK)



==============================================================================

Memory Map of the image

  Image Entry point : 0x08000131

  Load Region LR_IROM1 (Base: 0x08000000, Size: 0x00008974, Max: 0x00080000, ABSOLUTE, COMPRESSED[0x00008700])

    Execution Region ER_IROM1 (Base: 0x08000000, Size: 0x00008648, Max: 0x00080000, ABSOLUTE)

    Base Addr    Size         Type   Attr      Idx    E Section Name        Object

    0x08000000   0x00000130   Data   RO            3    RESET               startup_stm32f10x_hd.o
    0x08000130   0x00000000   Code   RO          582  * .ARM.Collect$$$$00000000  mc_w.l(entry.o)
    0x08000130   0x00000004   Code   RO          914    .ARM.Collect$$$$00000001  mc_w.l(entry2.o)
    0x08000134   0x00000004   Code   RO          917    .ARM.Collect$$$$00000004  mc_w.l(entry5.o)
    0x08000138   0x00000000   Code   RO          919    .ARM.Collect$$$$00000008  mc_w.l(entry7b.o)
    0x08000138   0x00000000   Code   RO          921    .ARM.Collect$$$$0000000A  mc_w.l(entry8b.o)
    0x08000138   0x00000008   Code   RO          922    .ARM.Collect$$$$0000000B  mc_w.l(entry9a.o)
    0x08000140   0x00000000   Code   RO          924    .ARM.Collect$$$$0000000D  mc_w.l(entry10a.o)
    0x08000140   0x00000000   Code   RO          926    .ARM.Collect$$$$0000000F  mc_w.l(entry11a.o)
    0x08000140   0x00000004   Code   RO          915    .ARM.Collect$$$$00002712  mc_w.l(entry2.o)
    0x08000144   0x00000024   Code   RO            4    .text               startup_stm32f10x_hd.o
    0x08000168   0x00000978   Code   RO           10    .text               main.o
    0x08000ae0   0x000000c0   Code   RO          122    .text               stm32f10x_it.o
    0x08000ba0   0x00000324   Code   RO          142    .text               usart1.o
    0x08000ec4   0x00000034   Code   RO          168    .text               led.o
    0x08000ef8   0x0000019a   Code   RO          180    .text               ringbuf.o
    0x08001092   0x00000002   PAD
    0x08001094   0x0000199e   Code   RO          192    .text               polygon.o
    0x08002a32   0x00000002   PAD
    0x08002a34   0x000011c0   Code   RO          211    .text               resolve.o
    0x08003bf4   0x00000350   Code   RO          231    .text               usart3.o
    0x08003f44   0x00000590   Code   RO          250    .text               eceg_usart.o
    0x080044d4   0x0000035c   Code   RO          269    .text               usart2.o
    0x08004830   0x000005ac   Code   RO          288    .text               protocol.o
    0x08004ddc   0x00000370   Code   RO          314    .text               uart4.o
    0x0800514c   0x000003ac   Code   RO          382    .text               stm32f10x_rcc.o
    0x080054f8   0x00000358   Code   RO          396    .text               stm32f10x_gpio.o
    0x08005850   0x00000408   Code   RO          408    .text               stm32f10x_usart.o
    0x08005c58   0x000000dc   Code   RO          420    .text               misc.o
    0x08005d34   0x00000250   Code   RO          432    .text               stm32f10x_dma.o
    0x08005f84   0x000001e4   Code   RO          469    .text               system_stm32f10x.o
    0x08006168   0x000001ec   Code   RO          487    .text               timer.o
    0x08006354   0x000001d4   Code   RO          506    .text               adc.o
    0x08006528   0x00000040   Code   RO          587    .text               mc_w.l(memmovea.o)
    0x08006568   0x00000024   Code   RO          589    .text               mc_w.l(memseta.o)
    0x0800658c   0x00000024   Code   RO          591    .text               mc_w.l(strstr.o)
    0x080065b0   0x00000014   Code   RO          593    .text               mc_w.l(strchr.o)
    0x080065c4   0x0000000e   Code   RO          595    .text               mc_w.l(strlen.o)
    0x080065d2   0x0000001a   Code   RO          597    .text               mc_w.l(memcmp.o)
    0x080065ec   0x0000014e   Code   RO          864    .text               mf_w.l(dadd.o)
    0x0800673a   0x000000e4   Code   RO          866    .text               mf_w.l(dmul.o)
    0x0800681e   0x000000de   Code   RO          868    .text               mf_w.l(ddiv.o)
    0x080068fc   0x0000000a   Code   RO          870    .text               mf_w.l(ffltui.o)
    0x08006906   0x00000022   Code   RO          872    .text               mf_w.l(dflti.o)
    0x08006928   0x0000001a   Code   RO          874    .text               mf_w.l(dfltui.o)
    0x08006942   0x00000028   Code   RO          876    .text               mf_w.l(dfltl.o)
    0x0800696a   0x0000003e   Code   RO          878    .text               mf_w.l(dfixi.o)
    0x080069a8   0x00000026   Code   RO          880    .text               mf_w.l(f2d.o)
    0x080069ce   0x00000002   PAD
    0x080069d0   0x00000028   Code   RO          882    .text               mf_w.l(cdcmple.o)
    0x080069f8   0x00000028   Code   RO          884    .text               mf_w.l(cdrcmple.o)
    0x08006a20   0x00000038   Code   RO          886    .text               mf_w.l(d2f.o)
    0x08006a58   0x0000002c   Code   RO          929    .text               mc_w.l(uidiv.o)
    0x08006a84   0x00000062   Code   RO          931    .text               mc_w.l(uldiv.o)
    0x08006ae6   0x0000001e   Code   RO          933    .text               mc_w.l(llshl.o)
    0x08006b04   0x00000020   Code   RO          935    .text               mc_w.l(llushr.o)
    0x08006b24   0x00000024   Code   RO          937    .text               mc_w.l(llsshr.o)
    0x08006b48   0x00000000   Code   RO          946    .text               mc_w.l(iusefp.o)
    0x08006b48   0x0000006c   Code   RO          947    .text               mf_w.l(fepilogue.o)
    0x08006bb4   0x000000be   Code   RO          949    .text               mf_w.l(depilogue.o)
    0x08006c72   0x0000002e   Code   RO          951    .text               mf_w.l(dscalb.o)
    0x08006ca0   0x000000a2   Code   RO          953    .text               mf_w.l(dsqrt.o)
    0x08006d42   0x00000030   Code   RO          955    .text               mf_w.l(dfixul.o)
    0x08006d72   0x00000002   PAD
    0x08006d74   0x00000024   Code   RO          957    .text               mc_w.l(init.o)
    0x08006d98   0x0000005c   Code   RO          967    .text               mc_w.l(__dczerorl2.o)
    0x08006df4   0x00000028   Code   RO          838    i.__0sprintf        mc_w.l(printfa.o)
    0x08006e1c   0x00000028   Code   RO          893    i.__ARM_fpclassify  m_ws.l(fpclassify.o)
    0x08006e44   0x00000388   Code   RO          897    i.__ieee754_rem_pio2  m_ws.l(rred.o)
    0x080071cc   0x000000fc   Code   RO          888    i.__kernel_cos      m_ws.l(cos_i.o)
    0x080072c8   0x000000aa   Code   RO          895    i.__kernel_poly     m_ws.l(poly.o)
    0x08007372   0x00000002   PAD
    0x08007374   0x000000ec   Code   RO          902    i.__kernel_sin      m_ws.l(sin_i.o)
    0x08007460   0x00000278   Code   RO          908    i.__kernel_tan      m_ws.l(tan_i.o)
    0x080076d8   0x00000010   Code   RO          891    i.__mathlib_dbl_underflow  m_ws.l(dunder.o)
    0x080076e8   0x0000000e   Code   RO          961    i.__scatterload_copy  mc_w.l(handlers.o)
    0x080076f6   0x00000002   Code   RO          962    i.__scatterload_null  mc_w.l(handlers.o)
    0x080076f8   0x0000000e   Code   RO          963    i.__scatterload_zeroinit  mc_w.l(handlers.o)
    0x08007706   0x00000002   PAD
    0x08007708   0x0000000c   Code   RO          941    i.__set_errno       mc_w.l(errno.o)
    0x08007714   0x0000015c   Code   RO          843    i._fp_digits        mc_w.l(printfa.o)
    0x08007870   0x000006f0   Code   RO          844    i._printf_core      mc_w.l(printfa.o)
    0x08007f60   0x00000026   Code   RO          845    i._printf_post_padding  mc_w.l(printfa.o)
    0x08007f86   0x00000030   Code   RO          846    i._printf_pre_padding  mc_w.l(printfa.o)
    0x08007fb6   0x0000000a   Code   RO          848    i._sputc            mc_w.l(printfa.o)
    0x08007fc0   0x00000224   Code   RO          541    i.atan              m_ws.l(atan.o)
    0x080081e4   0x000000ac   Code   RO          551    i.cos               m_ws.l(cos.o)
    0x08008290   0x000000b0   Code   RO          559    i.sin               m_ws.l(sin.o)
    0x08008340   0x0000004e   Code   RO          567    i.sqrt              m_ws.l(sqrt.o)
    0x0800838e   0x00000002   PAD
    0x08008390   0x00000074   Code   RO          575    i.tan               m_ws.l(tan.o)
    0x08008404   0x00000006   Data   RO           11    .constdata          main.o
    0x0800840a   0x00000006   PAD
    0x08008410   0x00000098   Data   RO          542    .constdata          m_ws.l(atan.o)
    0x080084a8   0x00000030   Data   RO          889    .constdata          m_ws.l(cos_i.o)
    0x080084d8   0x000000c8   Data   RO          899    .constdata          m_ws.l(rred.o)
    0x080085a0   0x00000028   Data   RO          903    .constdata          m_ws.l(sin_i.o)
    0x080085c8   0x00000060   Data   RO          909    .constdata          m_ws.l(tan_i.o)
    0x08008628   0x00000020   Data   RO          959    Region$$Table       anon$$obj.o


    Execution Region RW_IRAM1 (Base: 0x20000000, Size: 0x00009090, Max: 0x00010000, ABSOLUTE, COMPRESSED[0x000000b8])

    Base Addr    Size         Type   Attr      Idx    E Section Name        Object

    0x20000000   0x00000001   Data   RW           12    .data               main.o
    0x20000001   0x00000002   Data   RW          123    .data               stm32f10x_it.o
    0x20000003   0x00000001   PAD
    0x20000004   0x00000028   Data   RW          144    .data               usart1.o
    0x2000002c   0x00000004   PAD
    0x20000030   0x00000118   Data   RW          194    .data               polygon.o
    0x20000148   0x00000054   Data   RW          212    .data               resolve.o
    0x2000019c   0x00000028   Data   RW          233    .data               usart3.o
    0x200001c4   0x00000028   Data   RW          271    .data               usart2.o
    0x200001ec   0x00000036   Data   RW          290    .data               protocol.o
    0x20000222   0x00000002   PAD
    0x20000224   0x00000028   Data   RW          316    .data               uart4.o
    0x2000024c   0x00000004   PAD
    0x20000250   0x000000b0   Data   RW          334    .data               variables.o
    0x20000300   0x00000014   Data   RW          383    .data               stm32f10x_rcc.o
    0x20000314   0x00000014   Data   RW          470    .data               system_stm32f10x.o
    0x20000328   0x00000004   Data   RW          942    .data               mc_w.l(errno.o)
    0x2000032c   0x000006b2   Zero   RW          143    .bss                usart1.o
    0x200009de   0x00001a00   Zero   RW          232    .bss                usart3.o
    0x200023de   0x00001a00   Zero   RW          270    .bss                usart2.o
    0x20003dde   0x00000c00   Zero   RW          289    .bss                protocol.o
    0x200049de   0x00001a00   Zero   RW          315    .bss                uart4.o
    0x200063de   0x00000002   PAD
    0x200063e0   0x000024b0   Zero   RW          333    .bss                variables.o
    0x20008890   0x00000800   Zero   RW            1    STACK               startup_stm32f10x_hd.o


==============================================================================

Image component sizes


      Code (inc. data)   RO Data    RW Data    ZI Data      Debug   Object Name

       468         28          0          0          0       1026   adc.o
      1424         56          0          0          0       4765   eceg_usart.o
        52          6          0          0          0        474   led.o
      2424        304          6          1          0     264997   main.o
       220         20          0          0          0       1805   misc.o
      6558        304          0        280          0       6999   polygon.o
      1452         66          0         54       3072       5917   protocol.o
      4544        252          0         84          0       6285   resolve.o
       410          0          0          0          0       4675   ringbuf.o
        36          8        304          0       2048        812   startup_stm32f10x_hd.o
       592          8          0          0          0       4334   stm32f10x_dma.o
       856         40          0          0          0       5649   stm32f10x_gpio.o
       192         30          0          2          0       1414   stm32f10x_it.o
       940         52          0         20          0       8808   stm32f10x_rcc.o
      1032         22          0          0          0       8372   stm32f10x_usart.o
       484         44          0         20          0       1887   system_stm32f10x.o
       492         16          0          0          0       1450   timer.o
       880         40          0         40       6656       3220   uart4.o
       804         28          0         40       1714       3228   usart1.o
       860         38          0         40       6656       3236   usart2.o
       848         28          0         40       6656       3272   usart3.o
         0          0          0        176       9392     208271   variables.o

    ----------------------------------------------------------------------
     25572       1390        348        808      36196     550896   Object Totals
         0          0         32          0          0          0   (incl. Generated)
         4          0          6         11          2          0   (incl. Padding)

    ----------------------------------------------------------------------

      Code (inc. data)   RO Data    RW Data    ZI Data      Debug   Library Member Name

       548         70        152          0          0        124   atan.o
       172          8          0          0          0        112   cos.o
       252         22         48          0          0        124   cos_i.o
        16          6          0          0          0         68   dunder.o
        40          0          0          0          0         68   fpclassify.o
       170          0          0          0          0         96   poly.o
       904         72        200          0          0        132   rred.o
       176         10          0          0          0        116   sin.o
       236         12         40          0          0        128   sin_i.o
        78          0          0          0          0         84   sqrt.o
       116         10          0          0          0        104   tan.o
       632         50         96          0          0        164   tan_i.o
        92          0          0          0          0          0   __dczerorl2.o
         0          0          0          0          0          0   entry.o
         0          0          0          0          0          0   entry10a.o
         0          0          0          0          0          0   entry11a.o
         8          4          0          0          0          0   entry2.o
         4          0          0          0          0          0   entry5.o
         0          0          0          0          0          0   entry7b.o
         0          0          0          0          0          0   entry8b.o
         8          4          0          0          0          0   entry9a.o
        12          6          0          4          0         68   errno.o
        30          0          0          0          0          0   handlers.o
        36          8          0          0          0         68   init.o
         0          0          0          0          0          0   iusefp.o
        30          0          0          0          0         68   llshl.o
        36          0          0          0          0         68   llsshr.o
        32          0          0          0          0         68   llushr.o
        26          0          0          0          0         80   memcmp.o
        64          0          0          0          0         76   memmovea.o
        36          0          0          0          0        108   memseta.o
      2260         86          0          0          0        512   printfa.o
        20          0          0          0          0         68   strchr.o
        14          0          0          0          0         68   strlen.o
        36          0          0          0          0         80   strstr.o
        44          0          0          0          0         80   uidiv.o
        98          0          0          0          0         92   uldiv.o
        40          2          0          0          0         68   cdcmple.o
        40          2          0          0          0         68   cdrcmple.o
        56          0          0          0          0         88   d2f.o
       334          0          0          0          0        144   dadd.o
       222          0          0          0          0        100   ddiv.o
       190          0          0          0          0        176   depilogue.o
        62          0          0          0          0         80   dfixi.o
        48          0          0          0          0         68   dfixul.o
        34          0          0          0          0         76   dflti.o
        40          0          0          0          0         80   dfltl.o
        26          0          0          0          0         76   dfltui.o
       228          0          0          0          0         92   dmul.o
        46          0          0          0          0         80   dscalb.o
       162          0          0          0          0        100   dsqrt.o
        38          0          0          0          0         68   f2d.o
       108          0          0          0          0        168   fepilogue.o
        10          0          0          0          0         68   ffltui.o

    ----------------------------------------------------------------------
      7920        372        536          4          0       4424   Library Totals
        10          0          0          0          0          0   (incl. Padding)

    ----------------------------------------------------------------------

      Code (inc. data)   RO Data    RW Data    ZI Data      Debug   Library Name

      3340        260        536          0          0       1320   m_ws.l
      2886        108          0          4          0       1504   mc_w.l
      1684          4          0          0          0       1600   mf_w.l

    ----------------------------------------------------------------------
      7920        372        536          4          0       4424   Library Totals

    ----------------------------------------------------------------------

==============================================================================


      Code (inc. data)   RO Data    RW Data    ZI Data      Debug   

     33492       1762        884        812      36196     551160   Grand Totals
     33492       1762        884        184      36196     551160   ELF Image Totals (compressed)
     33492       1762        884        184          0          0   ROM Totals

==============================================================================

    Total RO  Size (Code + RO Data)                34376 (  33.57kB)
    Total RW  Size (RW Data + ZI Data)             37008 (  36.14kB)
    Total ROM Size (Code + RO Data + RW Data)      34560 (  33.75kB)

==============================================================================

